Watching for file changes with StatReloader
C:\Users\Lenovo\Desktop\Monthly report\merchant data\code\code,3,4,5,6\merchant_data_report\merchant\views.py changed, reloading.
Performing system checks...

System check identified no issues (0 silenced).
April 24, 2026 - 23:44:12
Django version 5.1, using settings 'merchant_data_report.settings'
Starting development server at http://0.0.0.0:8000/
Quit the server with CTRL-BREAK.

Watching for file changes with StatReloader
C:\Users\Lenovo\Desktop\Monthly report\merchant data\code\code,3,4,5,6\merchant_data_report\merchant\views.py changed, reloading.
Performing system checks...

System check identified no issues (0 silenced).
April 25, 2026 - 00:05:33
Django version 5.1, using settings 'merchant_data_report.settings'
Starting development server at http://0.0.0.0:8000/
Quit the server with CTRL-BREAK.

Watching for file changes with StatReloader
C:\Users\Lenovo\Desktop\Monthly report\merchant data\code\code,3,4,5,6\merchant_data_report\merchant\views.py changed, reloading.
Performing system checks...

System check identified no issues (0 silenced).
April 25, 2026 - 00:30:49
Django version 5.1, using settings 'merchant_data_report.settings'
Starting development server at http://0.0.0.0:8000/
Quit the server with CTRL-BREAK.

Watching for file changes with StatReloader
C:\Users\Lenovo\Desktop\Monthly report\merchant data\code\code,3,4,5,6\merchant_data_report\merchant\views.py changed, reloading.
Performing system checks...

System check identified no issues (0 silenced).
April 25, 2026 - 00:37:41
Django version 5.1, using settings 'merchant_data_report.settings'
Starting development server at http://0.0.0.0:8000/
Quit the server with CTRL-BREAK.

Watching for file changes with StatReloader
C:\Users\Lenovo\Desktop\Monthly report\merchant data\code\code,3,4,5,6\merchant_data_report\merchant\views.py changed, reloading.
Performing system checks...

System check identified no issues (0 silenced).
April 25, 2026 - 00:41:53
Django version 5.1, using settings 'merchant_data_report.settings'
Starting development server at http://0.0.0.0:8000/
Quit the server with CTRL-BREAK.

Watching for file changes with StatReloader
C:\Users\Lenovo\Desktop\Monthly report\merchant data\code\code,3,4,5,6\merchant_data_report\merchant\views.py changed, reloading.
Performing system checks...

System check identified no issues (0 silenced).
April 25, 2026 - 01:07:36
Django version 5.1, using settings 'merchant_data_report.settings'
Starting development server at http://0.0.0.0:8000/
Quit the server with CTRL-BREAK.

Watching for file changes with StatReloader
C:\Users\Lenovo\Desktop\Monthly report\merchant data\code\code,3,4,5,6\merchant_data_report\merchant\views.py changed, reloading.
Performing system checks...

System check identified no issues (0 silenced).
April 25, 2026 - 01:12:47
Django version 5.1, using settings 'merchant_data_report.settings'
Starting development server at http://0.0.0.0:8000/
Quit the server with CTRL-BREAK.

Watching for file changes with StatReloader
:\Users\Lenovo\Desktop\Monthly report\merchant data\code\code,3,4,5,6\merchant_data_report\merchant\views.py changed, reloading.
Performing system checks...

System check identified no issues (0 silenced).
April 25, 2026 - 01:07:36
Django version 5.1, using settings 'merchant_data_report.settings'
Starting development server at http://0.0.0.0:8000/
Quit the server with CTRL-BREAK.

Watching for file changes with StatReloader
C:\Users\Lenovo\Desktop\Monthly report\merchant data\code\code,3,4,5,6\merchant_data_report\merchant\views.py changed, reloading.
Performing system checks...

System check identified no issues (0 silenced).
April 25, 2026 - 01:12:47
Django version 5.1, using settings 'merchant_data_report.settings'
Starting development server at http://0.0.0.0:8000/
Quit the server with CTRL-BREAK.

Watching for file changes with StatReloader
